npm warn Unknown env config "node-linker". This will stop working in the next major version of npm.
★ eas-cli@18.7.0 is now available.
To upgrade, run:
npm install -g eas-cli
Proceeding with outdated version.

Resolved "production" environment for the build. Learn more: https://docs.expo.dev/eas/environment-variables/#setting-the-environment-for-your-builds
No environment variables with visibility "Plain text" and "Sensitive" found for the "production" environment on EAS.
Environment variables loaded from the "production" build profile "env" configuration: EXPO_PUBLIC_API_URL, EXPO_PUBLIC_R2_PUBLIC_BASE_URL, EXPO_PUBLIC_STRIPE_PUBLISHABLE_KEY, EXPO_PUBLIC_TYPESENSE_HOST, EXPO_PUBLIC_TYPESENSE_PORT, EXPO_PUBLIC_TYPESENSE_PROTOCOL, EXPO_PUBLIC_TYPESENSE_SEARCH_KEY, EXPO_PUBLIC_SENTRY_DSN, SENTRY_DISABLE_AUTO_UPLOAD.

⠋ Incrementing buildNumber from 12 to 13.⠙ Incrementing buildNumber from 12 to 13.⠹ Incrementing buildNumber from 12 to 13.✔ Incremented buildNumber from 12 to 13.
ios.buildNumber field in app config is ignored when version source is set to remote, but this value will still be in the manifest available via expo-constants. It's recommended to remove this value from app config.
✔ Using remote iOS credentials (Expo server)

Distribution Certificate is not validated for non-interactive builds.
Skipping Provisioning Profile validation on Apple Servers because we aren't authenticated.

Project Credentials Configuration

Project                   @jonolesen30/wabbus-mobile
Bundle Identifier         com.wabbus.mobile
                          
App Store Configuration   
                          
Distribution Certificate  
Serial Number             7774D89F0CD85448A92BBEA4B0E8806C
Expiration Date           Sat, 10 Apr 2027 02:21:10 PDT
Apple Team                URGFZ9T7SU (Wabbus LLC (Company/Organization))
Updated                   4 days ago
                          
Provisioning Profile      
Developer Portal ID       5526RWSSF3
Status                    active
Expiration                Sat, 10 Apr 2027 02:21:10 PDT
Apple Team                URGFZ9T7SU (Wabbus LLC (Company/Organization))
Updated                   4 days ago
                          
All credentials are ready to build @jonolesen30/wabbus-mobile (com.wabbus.mobile)

⠋ Computing project fingerprint⠙ Computing project fingerprint⠹ Computing project fingerprint⠸ Computing project fingerprint⠼ Computing project fingerprint⠴ Computing project fingerprint⠦ Computing project fingerprint⠧ Computing project fingerprint⠇ Computing project fingerprint⠏ Computing project fingerprint⠋ Computing project fingerprint⠙ Computing project fingerprint⠹ Computing project fingerprint⠸ Computing project fingerprint⠼ Computing project fingerprint⠴ Computing project fingerprint✔ Computed project fingerprint
[SETUP_WORKINGDIR] Preparing workingdir /var/folders/0q/dk1r64lj26gfrp3wcx5xsnvm0000gn/T/eas-build-local-nodejs/4c8c5ab4-7d10-474b-ac18-e39f6f7c0a07
[START_BUILD] Starting build
  "job": {
    "type": "managed",
    "platform": "ios",
    "projectArchive": {
      "type": "PATH",
      "path": "/var/folders/0q/dk1r64lj26gfrp3wcx5xsnvm0000gn/T/eas-cli-nodejs/c0db2eed-d460-46b8-911a-4861a7e37edc.tar.gz"
    },
    "projectRootDirectory": ".",
    "builderEnvironment": {
      "env": {
        "EXPO_PUBLIC_API_URL": "https://api.wabbus.com",
        "EXPO_PUBLIC_R2_PUBLIC_BASE_URL": "https://assets.wabbus.com",
        "EXPO_PUBLIC_STRIPE_PUBLISHABLE_KEY": "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",
        "EXPO_PUBLIC_TYPESENSE_HOST": "api.wabbus.com",
        "EXPO_PUBLIC_TYPESENSE_PORT": "443",
        "EXPO_PUBLIC_TYPESENSE_PROTOCOL": "https",
        "EXPO_PUBLIC_TYPESENSE_SEARCH_KEY": "lrdGetyfzXQP6P142WZt0QcL2sYw3Xm4",
        "EXPO_PUBLIC_SENTRY_DSN": "https://620c72e61342fdf8c521cf403b4d348e@o4511197522886656.ingest.us.sentry.io/4511197608804352",
        "SENTRY_DISABLE_AUTO_UPLOAD": "true"
      }
    },
    "cache": {
      "disabled": false,
      "paths": [],
      "clear": false
    },
    "updates": {
      "channel": "production"
    },
    "scheme": "Wabbus",
    "username": "jonolesen30",
    "version": {
      "buildNumber": "13"
    },
    "experimental": {},
    "mode": "build",
    "triggeredBy": "EAS_CLI",
    "appId": "3a50811c-5e5a-4cd1-abef-ab35513d9ff3",
    "initiatingUserId": "0fc72469-1cde-4a57-8bfc-b95b23bc0eb0"
  }
Local build, skipping project archive refresh
[PREPARE_PROJECT] .npmrc found at .npmrc
[READ_EAS_JSON] Using eas.json:
[READ_EAS_JSON] {
  "cli": {
    "version": ">= 15.0.0",
    "appVersionSource": "remote"
  },
  "build": {
    "development": {
      "developmentClient": true,
      "distribution": "internal",
      "channel": "development",
      "ios": {
        "simulator": true
      },
      "env": {
        "EXPO_PUBLIC_API_URL": "http://localhost:3000"
      }
    },
    "preview": {
      "distribution": "internal",
      "channel": "preview",
      "ios": {
        "simulator": false
      },
      "env": {
        "EXPO_PUBLIC_API_URL": "https://staging-api.wabbus.com",
        "EXPO_PUBLIC_R2_PUBLIC_BASE_URL": "https://pub-c2607890712c4b98874f735fb03de34b.r2.dev",
        "EXPO_PUBLIC_STRIPE_PUBLISHABLE_KEY": "pk_test_51SgCrhRJy91NUabC00UfQkebXhVAkk9w1bTu7ijv512e0WGQjsXZ37IHOyezdiBOI2xIFJuxPZKnY2PAvEM94BOf00CHcAueKF",
        "EXPO_PUBLIC_TYPESENSE_HOST": "staging-api.wabbus.com",
        "EXPO_PUBLIC_TYPESENSE_PORT": "443",
        "EXPO_PUBLIC_TYPESENSE_PROTOCOL": "https",
        "EXPO_PUBLIC_TYPESENSE_SEARCH_KEY": "lrdGetyfzXQP6P142WZt0QcL2sYw3Xm4",
        "EXPO_PUBLIC_SENTRY_DSN": "https://620c72e61342fdf8c521cf403b4d348e@o4511197522886656.ingest.us.sentry.io/4511197608804352"
      }
    },
    "production": {
      "autoIncrement": true,
      "channel": "production",
      "env": {
        "EXPO_PUBLIC_API_URL": "https://api.wabbus.com",
        "EXPO_PUBLIC_R2_PUBLIC_BASE_URL": "https://assets.wabbus.com",
        "EXPO_PUBLIC_STRIPE_PUBLISHABLE_KEY": "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",
        "EXPO_PUBLIC_TYPESENSE_HOST": "api.wabbus.com",
        "EXPO_PUBLIC_TYPESENSE_PORT": "443",
        "EXPO_PUBLIC_TYPESENSE_PROTOCOL": "https",
        "EXPO_PUBLIC_TYPESENSE_SEARCH_KEY": "lrdGetyfzXQP6P142WZt0QcL2sYw3Xm4",
        "EXPO_PUBLIC_SENTRY_DSN": "https://620c72e61342fdf8c521cf403b4d348e@o4511197522886656.ingest.us.sentry.io/4511197608804352",
        "SENTRY_DISABLE_AUTO_UPLOAD": "true"
      }
    }
  },
  "submit": {
    "production": {
      "ios": {
        "appleId": "olesenhawk@gmail.com",
        "ascAppId": "6761801449",
        "appleTeamId": "URGFZ9T7SU"
      },
      "android": {
        "serviceAccountKeyPath": "./google-play-service-account.json",
        "track": "internal"
      }
    }
  }
}

[READ_PACKAGE_JSON] Using package.json:
[READ_PACKAGE_JSON] {
  "name": "wabbus-mobile",
  "version": "1.0.0",
  "main": "expo-router/entry",
  "scripts": {
    "start": "expo start",
    "android": "expo run:android",
    "ios": "expo run:ios",
    "web": "expo start --web"
  },
  "dependencies": {
    "@expo-google-fonts/inter": "^0.4.2",
    "@expo/vector-icons": "^15.0.2",
    "@react-native-async-storage/async-storage": "2.2.0",
    "@react-native-community/netinfo": "11.5.2",
    "@sentry/react-native": "~7.11.0",
    "@stripe/stripe-react-native": "^0.63.0",
    "@tanstack/react-query": "^5.96.2",
    "expo": "~55.0.14",
    "expo-apple-authentication": "^55.0.13",
    "expo-constants": "~55.0.7",
    "expo-device": "~55.0.14",
    "expo-document-picker": "~55.0.13",
    "expo-font": "~55.0.4",
    "expo-image-picker": "~55.0.18",
    "expo-linking": "~55.0.12",
    "expo-localization": "~55.0.13",
    "expo-notifications": "~55.0.18",
    "expo-router": "~55.0.12",
    "expo-secure-store": "~55.0.13",
    "expo-splash-screen": "~55.0.17",
    "expo-status-bar": "~55.0.4",
    "expo-system-ui": "~55.0.15",
    "expo-updates": "^55.0.20",
    "i18next": "^26.0.4",
    "react": "19.2.0",
    "react-i18next": "^17.0.2",
    "react-native": "0.83.4",
    "react-native-gesture-handler": "~2.30.0",
    "react-native-reanimated": "4.2.1",
    "react-native-safe-area-context": "~5.6.2",
    "react-native-screens": "~4.23.0",
    "react-native-worklets": "0.7.2",
    "react-native-worklets-core": "^1.6.3",
    "socket.io-client": "^4.8.3"
  },
  "devDependencies": {
    "@types/react": "~19.2.2",
    "expo-dev-client": "55.0.24",
    "typescript": "~5.9.2"
  },
  "private": true
}
[INSTALL_DEPENDENCIES] Running "npm ci --include=dev" in /var/folders/0q/dk1r64lj26gfrp3wcx5xsnvm0000gn/T/eas-build-local-nodejs/4c8c5ab4-7d10-474b-ac18-e39f6f7c0a07/build directory
[INSTALL_DEPENDENCIES] npm warn deprecated inflight@1.0.6: This module is not supported, and leaks memory. Do not use it. Check out lru-cache if you want a good and tested way to coalesce async requests by a key value, which is much more comprehensive and powerful.
[INSTALL_DEPENDENCIES] npm warn deprecated rimraf@3.0.2: Rimraf versions prior to v4 are no longer supported
[INSTALL_DEPENDENCIES] npm warn deprecated glob@7.2.3: Old versions of glob are not supported, and contain widely publicized security vulnerabilities, which have been fixed in the current version. Please update. Support for old versions may be purchased (at exorbitant rates) by contacting i@izs.me
[INSTALL_DEPENDENCIES] npm warn deprecated glob@7.2.3: Old versions of glob are not supported, and contain widely publicized security vulnerabilities, which have been fixed in the current version. Please update. Support for old versions may be purchased (at exorbitant rates) by contacting i@izs.me
[INSTALL_DEPENDENCIES] npm warn deprecated glob@7.2.3: Old versions of glob are not supported, and contain widely publicized security vulnerabilities, which have been fixed in the current version. Please update. Support for old versions may be purchased (at exorbitant rates) by contacting i@izs.me
[INSTALL_DEPENDENCIES] npm warn deprecated glob@7.2.3: Old versions of glob are not supported, and contain widely publicized security vulnerabilities, which have been fixed in the current version. Please update. Support for old versions may be purchased (at exorbitant rates) by contacting i@izs.me
[INSTALL_DEPENDENCIES] added 727 packages, and audited 728 packages in 5s
[INSTALL_DEPENDENCIES] 49 packages are looking for funding
[INSTALL_DEPENDENCIES]   run `npm fund` for details
[INSTALL_DEPENDENCIES] found 0 vulnerabilities
[READ_APP_CONFIG] Using app configuration:
[READ_APP_CONFIG] {
  "name": "Wabbus",
  "slug": "wabbus-mobile",
  "version": "1.0.0",
  "orientation": "portrait",
  "icon": "./assets/icon.png",
  "scheme": "wabbus",
  "userInterfaceStyle": "light",
  "newArchEnabled": true,
  "splash": {
    "image": "./assets/splash-icon.png",
    "resizeMode": "contain",
    "backgroundColor": "#2d4ecf"
  },
  "backgroundColor": "#2d4ecf",
  "ios": {
    "supportsTablet": false,
    "bundleIdentifier": "com.wabbus.mobile",
    "buildNumber": "1",
    "associatedDomains": [
      "applinks:wabbus.com",
      "applinks:www.wabbus.com"
    ],
    "infoPlist": {
      "ITSAppUsesNonExemptEncryption": false
    }
  },
  "android": {
    "adaptiveIcon": {
      "backgroundColor": "#2d4ecf",
      "foregroundImage": "./assets/android-icon-foreground.png",
      "backgroundImage": "./assets/android-icon-background.png",
      "monochromeImage": "./assets/android-icon-monochrome.png"
    },
    "package": "com.wabbus.mobile",
    "versionCode": 1,
    "intentFilters": [
      {
        "action": "VIEW",
        "autoVerify": true,
        "data": [
          {
            "scheme": "https",
            "host": "wabbus.com",
            "pathPrefix": "/product"
          },
          {
            "scheme": "https",
            "host": "wabbus.com",
            "pathPrefix": "/orders"
          },
          {
            "scheme": "https",
            "host": "wabbus.com",
            "pathPrefix": "/category"
          },
          {
            "scheme": "https",
            "host": "wabbus.com",
            "pathPrefix": "/vendors"
          },
          {
            "scheme": "https",
            "host": "wabbus.com",
            "pathPrefix": "/support"
          },
          {
            "scheme": "https",
            "host": "wabbus.com",
            "pathPrefix": "/account"
          },
          {
            "scheme": "https",
            "host": "www.wabbus.com",
            "pathPrefix": "/product"
          },
          {
            "scheme": "https",
            "host": "www.wabbus.com",
            "pathPrefix": "/orders"
          },
          {
            "scheme": "https",
            "host": "www.wabbus.com",
            "pathPrefix": "/category"
          },
          {
            "scheme": "https",
            "host": "www.wabbus.com",
            "pathPrefix": "/vendors"
          },
          {
            "scheme": "https",
            "host": "www.wabbus.com",
            "pathPrefix": "/support"
          },
          {
            "scheme": "https",
            "host": "www.wabbus.com",
            "pathPrefix": "/account"
          }
        ],
        "category": [
          "BROWSABLE",
          "DEFAULT"
        ]
      }
    ]
  },
  "runtimeVersion": {
    "policy": "appVersion"
  },
  "updates": {
    "url": "https://u.expo.dev/3a50811c-5e5a-4cd1-abef-ab35513d9ff3",
    "fallbackToCacheTimeout": 3000,
    "checkAutomatically": "ON_LOAD"
  },
  "web": {
    "favicon": "./assets/favicon.png",
    "bundler": "metro"
  },
  "extra": {
    "eas": {
      "projectId": "3a50811c-5e5a-4cd1-abef-ab35513d9ff3"
    },
    "router": {}
  },
  "plugins": [
    "expo-router",
    "expo-secure-store",
    "expo-font",
    "expo-apple-authentication",
    "@sentry/react-native/expo",
    [
      "expo-notifications",
      {
        "icon": "./assets/notification-icon.png",
        "color": "#2d4ecf"
      }
    ],
    [
      "@stripe/stripe-react-native",
      {
        "merchantIdentifier": "merchant.com.wabbus.mobile",
        "enableGooglePay": true
      }
    ],
    "@sentry/react-native",
    "expo-localization"
  ],
  "owner": "jonolesen30",
  "sdkVersion": "55.0.0",
  "platforms": [
    "ios",
    "android"
  ]
}
[RUN_EXPO_DOCTOR] Running "expo doctor"
[RUN_EXPO_DOCTOR] Running 17 checks on your project...
[RUN_EXPO_DOCTOR] 15/17 checks passed. 2 checks failed. Possible issues detected:
[RUN_EXPO_DOCTOR] Use the --verbose flag to see more details about passed checks.
[RUN_EXPO_DOCTOR] 
[RUN_EXPO_DOCTOR] ✖ Check Expo config (app.json/ app.config.js) schema
[RUN_EXPO_DOCTOR] Error validating fields in /private/var/folders/0q/dk1r64lj26gfrp3wcx5xsnvm0000gn/T/eas-build-local-nodejs/4c8c5ab4-7d10-474b-ac18-e39f6f7c0a07/build/app.json:
[RUN_EXPO_DOCTOR]  should NOT have additional property 'newArchEnabled'.
[RUN_EXPO_DOCTOR] Advice:
[RUN_EXPO_DOCTOR] Resolve schema errors in your app config. Learn more: https://docs.expo.dev/workflow/configuration/
[RUN_EXPO_DOCTOR] 
[RUN_EXPO_DOCTOR] ✖ Check that packages match versions required by installed Expo SDK
[RUN_EXPO_DOCTOR] 
[RUN_EXPO_DOCTOR] ⚠️ Minor version mismatches
[RUN_EXPO_DOCTOR] package                      expected  found    
[RUN_EXPO_DOCTOR] @stripe/stripe-react-native  0.58.0    0.63.0   
[RUN_EXPO_DOCTOR] 
[RUN_EXPO_DOCTOR] 🔧 Patch version mismatches
[RUN_EXPO_DOCTOR] package                      expected  found    
[RUN_EXPO_DOCTOR] expo                         ~55.0.15  55.0.14  
[RUN_EXPO_DOCTOR] expo-constants               ~55.0.14  55.0.13  
[RUN_EXPO_DOCTOR] expo-device                  ~55.0.15  55.0.14  
[RUN_EXPO_DOCTOR] expo-linking                 ~55.0.13  55.0.12  
[RUN_EXPO_DOCTOR] expo-notifications           ~55.0.19  55.0.18  
[RUN_EXPO_DOCTOR] expo-splash-screen           ~55.0.18  55.0.17  
[RUN_EXPO_DOCTOR] expo-dev-client              ~55.0.27  55.0.24  
[RUN_EXPO_DOCTOR] 
[RUN_EXPO_DOCTOR] Changelogs:
[RUN_EXPO_DOCTOR] - expo-constants → https://github.com/expo/expo/blob/sdk-55/packages/expo-constants/CHANGELOG.md
[RUN_EXPO_DOCTOR] - expo-device → https://github.com/expo/expo/blob/sdk-55/packages/expo-device/CHANGELOG.md
[RUN_EXPO_DOCTOR] - expo-linking → https://github.com/expo/expo/blob/sdk-55/packages/expo-linking/CHANGELOG.md
[RUN_EXPO_DOCTOR] - expo-notifications → https://github.com/expo/expo/blob/sdk-55/packages/expo-notifications/CHANGELOG.md
[RUN_EXPO_DOCTOR] - expo-splash-screen → https://github.com/expo/expo/blob/sdk-55/packages/expo-splash-screen/CHANGELOG.md
[RUN_EXPO_DOCTOR] - expo-dev-client → https://github.com/expo/expo/blob/sdk-55/packages/expo-dev-client/CHANGELOG.md
[RUN_EXPO_DOCTOR] 
[RUN_EXPO_DOCTOR] 8 packages out of date.
[RUN_EXPO_DOCTOR] Advice:
[RUN_EXPO_DOCTOR] Use 'npx expo install --check' to review and upgrade your dependencies.
[RUN_EXPO_DOCTOR] To ignore specific packages, add them to "expo.install.exclude" in package.json. Learn more: https://expo.fyi/dependency-validation
[RUN_EXPO_DOCTOR] 2 checks failed, indicating possible issues with the project.
[RUN_EXPO_DOCTOR] Command "expo doctor" failed.
Error: npx -y expo-doctor exited with non-zero code: 1
    at ChildProcess.completionListener (/Users/jonathan/.npm/_npx/bdeb8f3c693a5400/node_modules/@expo/spawn-async/build/spawnAsync.js:42:23)
    at Object.onceWrapper (node:events:639:26)
    at ChildProcess.emit (node:events:524:28)
    at maybeClose (node:internal/child_process:1104:16)
    at Socket.<anonymous> (node:internal/child_process:456:11)
    at Socket.emit (node:events:524:28)
    at Pipe.<anonymous> (node:net:343:12)
    ...
    at spawnAsync (/Users/jonathan/.npm/_npx/bdeb8f3c693a5400/node_modules/@expo/spawn-async/build/spawnAsync.js:7:23)
    at spawn (/Users/jonathan/.npm/_npx/bdeb8f3c693a5400/node_modules/@expo/turtle-spawn/dist/index.js:16:47)
    at runExpoDoctor (/Users/jonathan/.npm/_npx/bdeb8f3c693a5400/node_modules/@expo/build-tools/dist/common/setup.js:142:52)
    at process.processTicksAndRejections (node:internal/process/task_queues:95:5)
    at async /Users/jonathan/.npm/_npx/bdeb8f3c693a5400/node_modules/@expo/build-tools/dist/common/setup.js:121:17
    at async BuildContext.runBuildPhase (/Users/jonathan/.npm/_npx/bdeb8f3c693a5400/node_modules/@expo/build-tools/dist/context.js:125:28)
    at async setupAsync (/Users/jonathan/.npm/_npx/bdeb8f3c693a5400/node_modules/@expo/build-tools/dist/common/setup.js:119:9)
    at async buildAsync (/Users/jonathan/.npm/_npx/bdeb8f3c693a5400/node_modules/@expo/build-tools/dist/builders/ios.js:50:5)
    at async runBuilderWithHooksAsync (/Users/jonathan/.npm/_npx/bdeb8f3c693a5400/node_modules/@expo/build-tools/dist/builders/common.js:12:13)
    at async Object.iosBuilder (/Users/jonathan/.npm/_npx/bdeb8f3c693a5400/node_modules/@expo/build-tools/dist/builders/ios.js:37:16)
[PREPARE_CREDENTIALS] Preparing credentials
[PREPARE_CREDENTIALS] Creating keychain
[PREPARE_CREDENTIALS] Preparing credentials for target 'Wabbus'
[PREPARE_CREDENTIALS] Getting distribution certificate fingerprint and common name
[PREPARE_CREDENTIALS] Fingerprint = "5E511CC1EB1AEB86DBB29FD35F04DA81E9ED3D23", common name = iPhone Distribution: Wabbus LLC (URGFZ9T7SU)
[PREPARE_CREDENTIALS] Writing distribution certificate to /var/folders/0q/dk1r64lj26gfrp3wcx5xsnvm0000gn/T/c32e701e-1339-42e1-a495-445c93c682ed.p12
[PREPARE_CREDENTIALS] Importing distribution certificate into the keychain
[PREPARE_CREDENTIALS] Initializing provisioning profile
[PREPARE_CREDENTIALS] Validating whether the distribution certificate has been imported successfully
[PREPARE_CREDENTIALS] Destroying keychain - /var/folders/0q/dk1r64lj26gfrp3wcx5xsnvm0000gn/T/eas-build-35433270-74ed-4d7c-b69d-30cd1ba60bec.keychain
[PREPARE_CREDENTIALS] 
Error: Distribution certificate with fingerprint 5E511CC1EB1AEB86DBB29FD35F04DA81E9ED3D23 hasn't been imported successfully
    at Keychain.ensureCertificateImported (/Users/jonathan/.npm/_npx/bdeb8f3c693a5400/node_modules/@expo/build-tools/dist/ios/credentials/keychain.js:57:19)
    at process.processTicksAndRejections (node:internal/process/task_queues:95:5)
    at async IosCredentialsManager.prepareTargetCredentials (/Users/jonathan/.npm/_npx/bdeb8f3c693a5400/node_modules/@expo/build-tools/dist/ios/credentials/manager.js:118:13)
    at async IosCredentialsManager.prepare (/Users/jonathan/.npm/_npx/bdeb8f3c693a5400/node_modules/@expo/build-tools/dist/ios/credentials/manager.js:72:41)
    at async /Users/jonathan/.npm/_npx/bdeb8f3c693a5400/node_modules/@expo/build-tools/dist/builders/ios.js:57:20
    at async BuildContext.runBuildPhase (/Users/jonathan/.npm/_npx/bdeb8f3c693a5400/node_modules/@expo/build-tools/dist/context.js:125:28)
    at async buildAsync (/Users/jonathan/.npm/_npx/bdeb8f3c693a5400/node_modules/@expo/build-tools/dist/builders/ios.js:56:29)
    at async runBuilderWithHooksAsync (/Users/jonathan/.npm/_npx/bdeb8f3c693a5400/node_modules/@expo/build-tools/dist/builders/common.js:12:13)
    at async Object.iosBuilder (/Users/jonathan/.npm/_npx/bdeb8f3c693a5400/node_modules/@expo/build-tools/dist/builders/ios.js:37:16)
    at async buildIosAsync (/Users/jonathan/.npm/_npx/bdeb8f3c693a5400/node_modules/eas-cli-local-build-plugin/dist/ios.js:43:12)

Build failed
Unknown error. See logs of the Prepare credentials build phase for more information.
Error: Unknown error. See logs of the Prepare credentials build phase for more information.
    at resolveBuildPhaseErrorAsync (/Users/jonathan/.npm/_npx/bdeb8f3c693a5400/node_modules/@expo/build-tools/dist/buildErrors/detectError.js:61:12)
    at process.processTicksAndRejections (node:internal/process/task_queues:95:5)
    at async BuildContext.handleBuildPhaseErrorAsync (/Users/jonathan/.npm/_npx/bdeb8f3c693a5400/node_modules/@expo/build-tools/dist/context.js:192:28)
    at async BuildContext.runBuildPhase (/Users/jonathan/.npm/_npx/bdeb8f3c693a5400/node_modules/@expo/build-tools/dist/context.js:137:35)
    at async buildAsync (/Users/jonathan/.npm/_npx/bdeb8f3c693a5400/node_modules/@expo/build-tools/dist/builders/ios.js:56:29)
    at async runBuilderWithHooksAsync (/Users/jonathan/.npm/_npx/bdeb8f3c693a5400/node_modules/@expo/build-tools/dist/builders/common.js:12:13)
    at async Object.iosBuilder (/Users/jonathan/.npm/_npx/bdeb8f3c693a5400/node_modules/@expo/build-tools/dist/builders/ios.js:37:16)
    at async buildIosAsync (/Users/jonathan/.npm/_npx/bdeb8f3c693a5400/node_modules/eas-cli-local-build-plugin/dist/ios.js:43:12)
    at async buildAsync (/Users/jonathan/.npm/_npx/bdeb8f3c693a5400/node_modules/eas-cli-local-build-plugin/dist/build.js:58:29)
    at async main (/Users/jonathan/.npm/_npx/bdeb8f3c693a5400/node_modules/eas-cli-local-build-plugin/dist/main.js:16:9)
npx -y eas-cli-local-build-plugin@18.5.0 eyJqb2IiOnsidHlwZSI6Im1hbmFnZWQiLCJwbGF0Zm9ybSI6ImlvcyIsInByb2plY3RBcmNoaXZlIjp7InR5cGUiOiJQQVRIIiwicGF0aCI6Ii92YXIvZm9sZGVycy8wcS9kazFyNjRsajI2Z2ZycDN3Y3g1eHNudm0wMDAwZ24vVC9lYXMtY2xpLW5vZGVqcy9jMGRiMmVlZC1kNDYwLTQ2YjgtOTExYS00ODYxYTdlMzdlZGMudGFyLmd6In0sInByb2plY3RSb290RGlyZWN0b3J5IjoiLiIsImJ1aWxkZXJFbnZpcm9ubWVudCI6eyJlbnYiOnsiRVhQT19QVUJMSUNfQVBJX1VSTCI6Imh0dHBzOi8vYXBpLndhYmJ1cy5jb20iLCJFWFBPX1BVQkxJQ19SMl9QVUJMSUNfQkFTRV9VUkwiOiJodHRwczovL2Fzc2V0cy53YWJidXMuY29tIiwiRVhQT19QVUJMSUNfU1RSSVBFX1BVQkxJU0hBQkxFX0tFWSI6InNrX2xpdmVfNTFTZ0NyaFJKeTkxTlVhYkM0eGMxRWtWSTVsSmFKT28xQ2I4YWZOS0x0QWpUS2ZuUzMzQXlsM2VMcmg0U1hZZTVWVFROVWFpNkRJYVNPQWZGSUtPVVNkcUwwMEs2cUwwMEs2TkZvNUVkIiwiRVhQT19QVUJMSUNfVFlQRVNFTlNFX0hPU1QiOiJhcGkud2FiYnVzLmNvbSIsIkVYUE9fUFVCTElDX1RZUEVTRU5TRV9QT1JUIjoiNDQzIiwiRVhQT19QVUJMSUNfVFlQRVNFTlNFX1BST1RPQ09MIjoiaHR0cHMiLCJFWFBPX1BVQkxJQ19UWVBFU0VOU0VfU0VBUkNIX0tFWSI6ImxyZEdldHlmelhRUDZQMTQyV1p0MFFjTDJzWXczWG00IiwiRVhQT19QVUJMSUNfU0VOVFJZX0RTTiI6Imh0dHBzOi8vNjIwYzcyZTYxMzQyZmRmOGM1MjFjZjQwM2I0ZDM0OGVAbzQ1MTExOTc1MjI4ODY2NTYuaW5nZXN0LnVzLnNlbnRyeS5pby80NTExMTk3NjA4ODA0MzUyIiwiU0VOVFJZX0RJU0FCTEVfQVVUT19VUExPQUQiOiJ0cnVlIn19LCJjYWNoZSI6eyJkaXNhYmxlZCI6ZmFsc2UsInBhdGhzIjpbXSwiY2xlYXIiOmZhbHNlfSwic2VjcmV0cyI6eyJidWlsZENyZWRlbnRpYWxzIjp7IldhYmJ1cyI6eyJwcm92aXNpb25pbmdQcm9maWxlQmFzZTY0IjoiTUlJeC93WUpLb1pJaHZjTkFRY0NvSUl4OERDQ01ld0NBUUV4Q3pBSkJnVXJEZ01DR2dVQU1JSWlEQVlKS29aSWh2Y05BUWNCb0lJaC9RU0NJZms4UDNodGJDQjJaWEp6YVc5dVBTSXhMakFpSUdWdVkyOWthVzVuUFNKVlZFWXRPQ0kvUGdvOElVUlBRMVJaVUVVZ2NHeHBjM1FnVUZWQ1RFbERJQ0l0THk5QmNIQnNaUzh2UkZSRUlGQk1TVk5VSURFdU1DOHZSVTRpSUNKb2RIUndPaTh2ZDNkM0xtRndjR3hsTG1OdmJTOUVWRVJ6TDFCeWIzQmxjblI1VEdsemRDMHhMakF1WkhSa0lqNEtQSEJzYVhOMElIWmxjbk5wYjI0OUlqRXVNQ0krQ2p4a2FXTjBQZ29KUEd0bGVUNUJjSEJKUkU1aGJXVThMMnRsZVQ0S0NUeHpkSEpwYm1jK1YyRmlZblZ6UEM5emRISnBibWMrQ2drOGEyVjVQa0Z3Y0d4cFkyRjBhVzl1U1dSbGJuUnBabWxsY2xCeVpXWnBlRHd2YTJWNVBnb0pQR0Z5Y21GNVBnb0pQSE4wY21sdVp6NVZVa2RHV2psVU4xTlZQQzl6ZEhKcGJtYytDZ2s4TDJGeWNtRjVQZ29KUEd0bGVUNURjbVZoZEdsdmJrUmhkR1U4TDJ0bGVUNEtDVHhrWVhSbFBqSXdNall0TURRdE1UQlVNRGs2TXpFNk1qZGFQQzlrWVhSbFBnb0pQR3RsZVQ1UWJHRjBabTl5YlR3dmEyVjVQZ29KUEdGeWNtRjVQZ29KQ1R4emRISnBibWMrYVU5VFBDOXpkSEpwYm1jK0Nna0pQSE4wY21sdVp6NTRjazlUUEM5emRISnBibWMrQ2drSlBITjBjbWx1Wno1MmFYTnBiMjVQVXp3dmMzUnlhVzVuUGdvSlBDOWhjbkpoZVQ0S0NUeHJaWGsrU1hOWVkyOWtaVTFoYm1GblpXUThMMnRsZVQ0S0NUeG1ZV3h6WlM4K0NnazhhMlY1UGtSbGRtVnNiM0JsY2tObGNuUnBabWxqWVhSbGN6d3ZhMlY1UGdvSlBHRnljbUY1UGdvSkNUeGtZWFJoUGsxSlNVWnlla05EUWtwbFowRjNTVUpCWjBsUlpETlVXVzUzZWxsV1JXbHdTemMyYTNOUGFVRmlSRUZPUW1kcmNXaHJhVWM1ZHpCQ1FWRnpSa0ZFUWpGTlZWRjNVV2RaUkZaUlVVUkVSSFJDWTBoQ2MxcFRRbGhpTTBweldraGtjRnBIVldkU1IxWXlXbGQ0ZG1OSFZubEpSa3BzWWtkR01HRlhPWFZqZVVKRVdsaEtNR0ZYV25CWk1rWXdZVmM1ZFVsRlJqRmtSMmgyWTIxc01HVlVSVXhOUVd0SFFURlZSVU4zZDBOU2VrMTRSWHBCVWtKblRsWkNRVzlOUTJ0R2QyTkhlR3hKUld4MVdYazBlRU42UVVwQ1owNVdRa0ZaVkVGc1ZsUk5RalJZUkZSSk1rMUVVWGhOUkVFMVRXcEZlRTFXYjFoRVZFa3pUVVJSZUUxRVFUVk5ha1Y0VFVadmQyZFpiM2hIYWtGWlFtZHZTbXRwWVVwckwwbHpXa0ZGUWtSQmNGWlZhMlJIVjJwc1ZVNHhUbFpOVkZWM1RYZFpSRlpSVVVSRVEzaHdWVWRvZG1KdFZXZFNSMng2WkVoS2NGbHVWakJoVnpsMVQybENXRmxYU21sa1dFMW5WRVY0UkVsRGFGWlZhMlJIVjJwc1ZVNHhUbFpMVkVWVVRVSkZSMEV4VlVWRGQzZExWbFpLU0ZKc2J6VldSR1JVVmxSRlZFMUNSVWRCTVZWRlEyZDNTMVl5Um1sWmJsWjZTVVY0VFZGNlJVeE5RV3RIUVRGVlJVSm9UVU5XVmsxM1oyZEZhVTFCTUVkRFUzRkhVMGxpTTBSUlJVSkJVVlZCUVRSSlFrUjNRWGRuWjBWTFFXOUpRa0ZSUTJWNWRFOWxNMjVoTTFoT1l6VkVSelpUWkUxMWRsbHJUMVpISzFseVVtUXpRWG8xUVhCaVNXWkxjR3BrY1VsRFYwUXlZblJhV2xVeWF6VktaVXMwSzNab1l6VlZTMHhwU2trMFV6RkhNaXRZVXpaR1prWlhjakJXTlU4MlkwOVdVbGRMZEdOVmVpOTZjVVZVVldSVU5IUlFkbkVyVlhSWFJFNUhWM2gzWVZSSE9EWnVOMEkwU0ZWaVVVeGpiMFppTWtaWE1rTTJZMmxJVVdoTVR6QnpZVkV5VkZWTVVYb3pWMEZ4Y0c5c2VGWTFaVGhKY1VOSE1rSTFVV2xRZEdoWVJDdHdWMlZTVmprd1MxYzBhbGh5ZWpsRVVtSnRORW92Tmpaek4xZFNkVWh1ZDFabU9IbDFTWEY2U1c5RmNtSXdXbE5tTTB0aFNFZG5UVWhuWm05SE9YRkVhekZMU0ZacWF6VllPR2xQT0dSMFZGVnlRMDQxU25wdlNtMURiM2hYYnl0bmEwdDVLMnhJY1ZWYVQyeEZlRVI2Ym5WUFExQkdZbEJVZG1aWlYyOXBjblZ4YUdGUVNWZEVVbGRsTUZNeGFqWlVlVmhLUVdkTlFrRkJSMnBuWjBscVRVbEpRMGg2UVUxQ1owNVdTRkpOUWtGbU9FVkJha0ZCVFVJNFIwRXhWV1JKZDFGWlRVSmhRVVpCYml0M1FsZFJLMkU1YTBOd1NWTjFVMWx2V1hkNVdEZExaWGxOU0VGSFEwTnpSMEZSVlVaQ2QwVkNRa2RSZDFscVFYUkNaMmR5UW1kRlJrSlJZM2RCYjFsb1lVaFNNR05FYjNaTU1rNXNZMjVTZWt4dFJuZGpSM2hzVEcxT2RtSlRPVE5rTWxKNVducE5kVnBIVm5sTlJFVkhRME56UjBGUlZVWkNla0ZDYUdsV2IyUklVbmRQYVRoMllqSk9lbU5ETldoalNFSnpXbE0xYW1JeU1IWmlNazU2WTBSQmVreFlaRE5hU0VwdVRYcEJlVTFKU1VKSVoxbEVWbEl3WjBKSlNVSkdWRU5EUVZKRmQyZG5SVTVDWjJ0eGFHdHBSemt5VG10Q1VVVjNaMlk0ZDJkalRVZERRM05IUVZGVlJrSjNTVU5OU1VjeVJFbEhlbFZ0Vm5OaFYwWjFXVEpWWjJJeU5HZGtSMmh3WTNsQ2FscFlTakJoVjFwd1dUSkdNRnBUUW1sbFUwSm9ZbTVyWjJOSFJubGtTR3RuV1ZoT2VtUlhNV3hqZVVKb1dUSk9iR05JVW1oaWJVNXNTVWM1YlVsSVVtOWFVMEl3WVVkV2RVbEhSbmRqUjNod1dUSkdhV0pIVldkak0xSm9ZbTFTYUdOdFVXZGtSMVo1WWxoTloxbFhOV3RKUjA1MlltMVNjR1JIYkhaaWJrMW5ZakpaWjJSWVRteE1RMEpxV2xoS01HRlhXbkJaTWtZd1dsTkNkMkl5ZUhCWk0ydG5XVmMxYTBsSFRteGpibEp3V20xc2FsbFlVbkJpTWpSblkwaEthRmt6VW5CWk1sVm5Zek5TYUdSSFZuUmFWelV3WTNrMGQwNTNXVWxMZDFsQ1FsRlZTRUZuUlZkTE1tZ3daRWhDZWs5cE9IWmtNMlF6VEcxR2QyTkhlR3hNYlU1MllsTTVhbHBZU2pCaFYxcHdXVEpHTUZwWFJqRmtSMmgyWTIxc01HVlRPSGRHWjFsRVZsSXdiRUZSU0M5Q1FYZDNRMmRaU1V0M1dVSkNVVlZJUVhkTmQwaFJXVVJXVWpCUFFrSlpSVVpOZG5OelNsaGpORFZwTHpWSWMxRlhTQzl5UjNkMmMzUkJNa2xOUVRSSFFURlZaRVIzUlVJdmQxRkZRWGRKU0dkRVFWUkNaMjl4YUd0cFJ6a3lUbXRDWjBWRlFWRklMMEpCU1VaQlJFRk9RbWRyY1docmFVYzVkekJDUVZGelJrRkJUME5CVVVWQmRqQmpLM1Z6Vm5JM1VXdDFiRUZ2Y0hNeFJtTXlORWRrY2pCeGNrWllNRXN6T1ZjeU5XcEhPR0pwVGtsM2ExRldialJUVmxFNFZrNVhkakp3V1hGVE9YZFJTM054Y0M5ME1VWnRSRnBpYjJweFVUUndkV2R1VVVoRFRYUndlbkF4ZWxSeGNFeHNWMUpJTVV0SU1EQnhkakJTWlVWUE0yMXhjMnczUm1WR1VVZDVNRFZJVlcxdVZuZzNXWEJrVUVSTmFsQkVja2w0WjNOM1FuVlBhREp4YVU5RE1HNWxVM1poYTBGMGVUZFplREpxYjNWME5FMUVWaXM0YjI1NGVWY3JiVXRpU0dsWldXUkZaRGRRZW05WlZUQkNiMVZZWkZOdFJVSlNWbkl3VGxCQ05VMU9aRFZTTWtzNGNERmFTR0pqV2tKSE5XbFFSek13YzBWM1RqaE5lVmhzUnpGeU56VlFaVEZwVEVwd05WaDZhRlZSU0ZnM1ZXNXlZMHhFWW1VMFlXOVJNbkpuV0hGemEzQXZRWEJNTWpSUmJYUkVNbFZSYUZOelIxQm9kU3RYUm5RdmNEVkRXbTh3TkdGclIzcHVVVWhrUjFoblBUMDhMMlJoZEdFK0NnazhMMkZ5Y21GNVBnb0tDVHhyWlhrK1JFVlNMVVZ1WTI5a1pXUXRVSEp2Wm1sc1pUd3ZhMlY1UGdvSlBHUmhkR0UrVFVsSlRpdDNXVXBMYjFwSmFIWmpUa0ZSWTBOdlNVbE9OMFJEUTBSbFowTkJVVVY0UkZSQlRFSm5iR2RvYTJkQ1dsRk5SVUZuUlhkblowODNRbWRyY1docmFVYzVkekJDUW5kSFoyZG5UM05DU1VsRWNVUkhRMEUyVVhkRVFYZElWbTFXZVdNeWJIWmlaMGxDUVZSQlRrUkJhRkZWUmtaRVlVZFdhbUYzUlVKQlJFRlJSRUZ3VldGWE1XeFdSemxOWVZoYWJFRm5TVUppUkVGVVJFRnNRbU5JUWtwU1JUVm9ZbGRWVFVKc1pHaFpiVW94WTNwQlZFUkJOVXBqTVdocVlqSlNiRlJYUm5WWlYyUnNXa0ZGUWtGRVFWZEVRV2hWV2xkR2RGUnRSblJhVVhkTFZqSkdhVmx1Vm5wSlJYaE5VWHBCWkVSQmVFUmpiVlpvWkVkc2RtSnJVbWhrUjFWWVJGUkpNazFFVVhoTlJFRTFUWHBGZVU0eGIzZElaM2RQVmtkV2FHSlZiR3RhVnpVd1lWZGFjRnBZU1hkRVFYZExWbFpLU0ZKc2J6VldSR1JVVmxSQlprUkJOVVpsU0VKd1kyMUdNR0ZYT1hWU1IwWXdXbEpqVGsxcVkzZE9SRVYzVFVScmVVMVVSWGRYYWtGblJFSmtVV050T1cxaFYzaHNVa2RzZW1SSVNuQlpibFl3WVZjNWRWWkliSGRhVVhkR1ZURlNVRlZyVlhkSlVYZEpWVWQ0YUdSSFduWmpiVEIzUmxGM1JHRlZPVlJFUVZJMFkyczVWRVJCYURKaFdFNXdZakkxVUZWNlFYSkVRblJDWTBoQ2MyRlhUbWhrUjJ4MlltdHNhMXBYTlRCaFYxcHdXbGhLVVdOdFZtMWhXR2QzUkVGM1MxWldTa2hTYkc4MVZrUmtWRlpVUVhORVFWSldWbFZzUlVSRFVYaE5WRUpwV2tkVk1sbFRNV3hQVjBVMVRGUlNhRTV0UlhSUFJGRXhUWGt4YlZscVkzZE9WRkV3V1dwT2EwOUVZM2RQZDNkV1VrZFdNbHBYZUhaalIxWjVVVEpXZVdSSGJHMWhWMDVvWkVkV2VrMURTVVZKUzJ4MlFsUnZSVTR3Y2paelVIQm1SVEZHVEc0eFRsQkNOSFI1ZUZZeGFHUldkVk5LTlZKb1NWRnZiMDFGVFUxQ1JUVm9ZbGRWVFU5NWNHSmFXR2gzWWpFd1oxa3lPWFJNYm1Sb1dXMUtNV041TlhSaU1rcHdZa2RWWjFGWVFuZFZNMUoyWTIxVlowMXFRWGxPYVRCM1RrTXdlRTFHVVhkUFZHOTZUVlJ2ZVU1NU5IZE9hbVJoVFVsSlFuSlJkMDFTVnpVd1lWaFNjMXBYTVd4aWJsSjZZMGxKUW0xM1NVSkJZa05EUVZwUmQwNW5kMWRaV0VKM1lrZHNhbGxZVW5CaU1qUjBZVmRTYkdKdVVuQmFiV3hzWTJkM1kxWldTa2hTYkc4MVZrUmtWRlpUTldwaU1qQjFaREpHYVZsdVZucE1iVEYyV1cxc2MxcFVRV1JFUVRsb1kwaE5kRnBYTlRKaFdFcDJZbTB4YkdKdVVVMURia0o1WWpKU01Wa3pVbkJpTWpSM1IwRjNWRmx0VmpCWlV6RjVXbGhDZG1OdVVucE1WMFpxWkVkc01scFJSVUl2ZWtGelJFSTVhbUl5TUhWWldFSjNZa2RWZFZwSFZqSmFWM2gyWTBkV2VVeHRSbmRqUjNoc1l6SnNibUp0YkhWTlFXdE5RakJTYkZwdFJqRmlTRkYzUzNkM2JWa3lPWFJNYlVaM1kwZDRiRXh0VW14a2JWWnpZak5DYkdOcE5XaGpNMDUyV1RKc2FHUkhWbXRNVjFKMllsZEdjR0p1VFUxQlUyOTNVWGQzYWxreU9YUk1iVVozWTBkNGJFeHRVbXhrYlZaellqTkNiR05wTlhCaWFURm9ZMGhCZEdOSFJqVmlWMVoxWkVoTmQwaEJkMkZpVjFaNVdUSm9hR0p1VVhWWk1qbDBURzVrYUZsdFNqRmplVFYwWWpKS2NHSkhWWGROVVhkcVdUSTVkRXh0Um5kalIzaHNURzFTYkdSdFZuTmlNMEpzWTJrMU1GcFhSblJNVjJ4cldsYzFNR0ZYV25CYVdFbE5RMnhXVTFJd1dtRlBWbEV6VlRGVmQwVjNkMDlhTWxZd1RGaFNhR015YzNSWlYzaHpZak5qUWtGUlFYZFBVWGRYWVRKV05Wa3lhR2hoVnpSMFdWZE9hbHBZVG5wTVYyUjVZak5XZDJONlFXWkVRWGhXVld0a1IxZHFiRlZPTVU1V1RHbHZUVVF5VG5aaVV6Vm9ZMGhDYzFwVE5UQmlNblJzWW5GRFEwTkVkM2RuWjBwRVRVbEpRbmxoUVVSQlowVkRRV2RuZEhobWVVa3djMVpNYkZSQlMwSm5aM0ZvYTJwUFVGRlJSRUY2UW01TlVuTjNSMUZaUkZaUlVVUkVRa3BDWTBoQ2MxcFRRbE5pTWprd1NVVk9Ra2xETUdkU2VrMTRTbXBCYTBKblRsWkNRWE5OU0ZWR2QyTkhlR3hKUlU1c1kyNVNjRnB0YkdwWldGSndZakkwWjFGWVZqQmhSemw1WVZoU05VMVNUWGRGVVZsRVZsRlJTMFJCY0VKalNFSnpXbE5DU21KdFRYVk5VWE4zUTFGWlJGWlJVVWRGZDBwV1ZYcEJaVVozTUhoT1JFRXdUWHBCZUU5RVJUVk5SRnBoUm5jd2VrOVVRVEJOZWtGNFQwUkZOVTFFV21GTlIyTjRSM3BCV2tKblRsWkNRVTFOUld0R2QyTkhlR3hKUmtwMllqTlJaMUV3UldkTVUwSklUWHBGYlUxRFVVZEJNVlZGUTNkM1pGRllRbmRpUjFWblVUSldlV1JIYkcxaFYwNW9aRWRzZG1KcFFrSmtXRkp2WWpOS2NHUklhM2hGZWtGU1FtZE9Wa0pCYjAxRGEwWjNZMGQ0YkVsRmJIVlplVFI0UTNwQlNrSm5UbFpDUVZsVVFXeFdWRTFJV1hkRlFWbElTMjlhU1hwcU1FTkJVVmxHU3pSRlJVRkRTVVJaWjBGRmJVOXJkbEJWUW5sd1R6SlVTVzVMUWtWNGVtUkZTbGg0ZUdGT1QyTmtkMVZHZEd0UE5XRlpSa3R1Wkd0bE1UbFBUMDVQTjBoRlV6Rm1MMVZtZEdwS2FWaGpibkJvUm5SUVRVVTRVbGRuUkRsWFJtZE5jR1pWVUV4Rk1FaFNlRTR4TW5CbFdHd3lPSGhZVHpCeWJsaHpaMDg1YVRWV1RteGxiV0ZSTmxWUmIzaHZNRWwzVVVSQlpFSm5UbFpJVVRSRlJtZFJWWFUzUkdWdlZtZDZhVXB4YTJsd2JtVjJjak55Y2pseVRFcExjM2RFZDFsRVZsSXdWRUZSU0M5Q1FWVjNRWGRGUWk5NlFVOUNaMDVXU0ZFNFFrRm1PRVZDUVUxRFFWRlpkME5uV1VsTGIxcEplbW93UlVGM1RVUmhRVUYzV2xGSmVFRkpVSEIzWTFGWFdHaHdaRTVDYWxvM1pTOHdZa0UwUVZKcmRUUXpOMHBIUldOVlVDOWxXalpxUzBkdFlUZzNRMEU1VTJNNVdsQkhaRXhvY1RNMmIycEdVVWwzWWxkaFMwVk5jbFZFWkZKUWVsa3hSRkJ5VTB0Wk5sVjZZblZPZERKb1pUTmFRaTlKVlhsaU5XbEhTakJQVVhOWVZ6aDBVbkZCZW05SFFWQnViM0pKYjAxSlNVTTFha05EUVcweVowRjNTVUpCWjBsSlRYY3pkU3RNT1UxaFF6UjNRMmRaU1V0dldrbDZhakJGUVhkTmQxcDZSV0pOUW10SFFURlZSVUYzZDFOUldFSjNZa2RWWjFWdE9YWmtRMEpFVVZOQmRFbEZZM3BOVTFsM1NrRlpSRlpSVVV4RVFqRkNZMGhDYzFwVFFrUmFXRW93WVZkYWNGa3lSakJoVnpsMVNVVkdNV1JIYUhaamJXd3daVlJGVkUxQ1JVZEJNVlZGUTJkM1MxRllRbmRpUjFWblUxYzFha3hxUlV4TlFXdEhRVEZWUlVKb1RVTldWazEzU0doalRrMVVZM2ROYWtsNVRXcEplVTE2U1hsWGFHTk9UWHBKZDAxcVJUUk5SRUYzVFVSQmQxZHFRbmxOVTFsM1NrRlpSRlpSVVVSRVFqRkNZMGhDYzFwVFFsUmxXRTR3V2xjd1oxTlhOVEJhVjJSNVdWaFNjR0l5TkdkUk1FVm5Ua1JGYlUxRFVVZEJNVlZGUTNkM1pGRllRbmRpUjFWblVUSldlV1JIYkcxaFYwNW9aRWRzZG1KcFFrSmtXRkp2WWpOS2NHUklhM2hGZWtGU1FtZE9Wa0pCYjAxRGEwWjNZMGQ0YkVsRmJIVlplVFI0UTNwQlNrSm5UbFpDUVZsVVFXeFdWRTFHYTNkRmQxbElTMjlhU1hwcU1FTkJVVmxKUzI5YVNYcHFNRVJCVVdORVVXZEJSVUp0ZFd0V2JUazVibmxtVW5wcVlVOXJhSFJYZWxaUk1scEZja3BzUjJsYUszTnJaMloxVERGWFFTOWpORzF5Y2tkVlkzWk1kVGczY0VGSE1FRlNUa1ZtUm05dGNtRkRZMHRUVjBzMVpWbEhZakE1T0ZkeFQwSTVla05DT1VSQlVFSm5UbFpJVWsxQ1FXWTRSVUpVUVVSQlVVZ3ZUVUk0UjBFeFZXUkpkMUZaVFVKaFFVWk1kWGN6Y1VaWlRUUnBZWEJKY1ZvemNqWTVOall2WVhsNVUzSk5SVmxIUTBOelIwRlJWVVpDZDBWQ1FrUnZkMDlFUVRKQ1oyZHlRbWRGUmtKUlkzZEJXVmx4WVVoU01HTkViM1pNTWpscVl6TkJkVmxZUW5kaVIxVjFXVEk1ZEV3eU9XcGpNMEYzVFhreGFHTklRbk5hV0VwMllqTlNhbGxYWTNwTlJHTkhRVEZWWkVoM1VYZE5RelIzVEV0QmNXOURhVWRLYldnd1pFaEJOa3g1T1dwamJYZDFXVmhDZDJKSFZYVlpNamwwVERKR2QyTkhlR3hqYlRsMlpFZE9hRnA2VFhWWk0wcHpUVUl3UjBFeFZXUkVaMUZYUWtKU05sSTNielJwYUZWclUwTktSM3BpTmxCSGFWSTNUa0ZOY1dGVVFVOUNaMDVXU0ZFNFFrRm1PRVZDUVUxRFFWRlpkMFZCV1V0TGIxcEphSFprYWxwQldVTkZVVkZEUWxGQmQwTm5XVWxMYjFwSmVtb3dSVUYzVFVSYWQwRjNXa0ZKZDBaUmVYQnFjMkYyYkcxc2NuQTFMMlJZVGxGRVYxZDVkVlYwVW1kNGIzUXlORXhtUm05MlJVcG1UME5oTkRKMWVEUXpkM2g0UTJRMmNEUTJTaTloZEROQmFrSm9UWGxFZUV0bUx6Vm9la3QxUzJOb2ExQllXamRWWVZSVFFXazVNblp0UVdsclpraFdUMjVZWTNSUFRFZExjR0lyZUdkdVkxTnJMMVpLVUVRNGVYSkpkMmRuVFVoTlNVbERjbUZCUkVGblJVTkJaMmRZWjB0bk1GcHRWSEY1ZWtGTFFtZG5jV2hyYWs5UVVWRkVRV3BDZVUxVFdYZEtRVmxFVmxGUlJFUkNNVUpqU0VKeldsTkNWR1ZZVGpCYVZ6Qm5VMWMxTUZwWFpIbFpXRkp3WWpJMFoxRXdSV2RPUkVWdFRVTlJSMEV4VlVWRGQzZGtVVmhDZDJKSFZXZFJNbFo1WkVkc2JXRlhUbWhrUjJ4MlltbENRbVJZVW05aU0wcHdaRWhyZUVWNlFWSkNaMDVXUWtGdlRVTnJSbmRqUjNoc1NVVnNkVmw1TkhoRGVrRktRbWRPVmtKQldWUkJiRlpVVFVJMFdFUlVTVEJOVkVWNVRVUkJlazFxUVRCT1ZtOVlSRlJKTkUxVVNYaE9SRVUwVFVSQmVrMUdiM2RVYWtWeFRVTm5SMEV4VlVWQmQzZG9WakZrUlZWcFFsRmpiVGt5WVZoT2NHSXlOWEJpYldOblZVaEtkbHB0YkhOYVUwSlVZVmRrZFdGWE5XNU5VazEzUlZGWlJGWlJVVXRFUVhCQ1kwaENjMXBUUWtwaWJVMTFUVkZ6ZDBOUldVUldVVkZIUlhkS1ZsVjZRbHBOUWsxSFFubHhSMU5OTkRsQlowVkhRME54UjFOTk5EbEJkMFZJUVRCSlFVSlFWMVZYZHpkQ01VWlJMMGRrTlVkWlExWm1VRzgwY0hveWVGQnJPVlZqZERNeU1sVnNPR1kwWm5ScVFXSkxRMGMyYVdoVWNsUlVOMlU1VjNWU1psVnRUVEZuZERnMVQzRmlZelpXTTFwVU5rUk9SSEl6TW1wblowWlFUVWxKUWxONlFVMUNaMDVXU0ZKTlFrRm1PRVZCYWtGQlRVSTRSMEV4VldSSmQxRlpUVUpoUVVaSWNFaDFhbWxMUmxOU1NVbHJZazUyYnpoaFNraHpNRUY1Y0hCTlJVVkhRME56UjBGUlZVWkNkMFZDUWtSVmQwMTZRWGhDWjJkeVFtZEZSa0pSWTNkQldWbHNZVWhTTUdORWIzWk1NamxxWXpOQmRWbFlRbmRpUjFWMVdUSTVkRXd5T1dwak0wRjNUWGt4YUdNeWJHcFpWRkYzVFhwRFFteG5XVVJXVWpCblFrbEhUMDFKUjB4TlNVZEpRbWRyY1docmFVYzVNazVyUWxGRmQyVjZRalZDWjJkeVFtZEZSa0pSWTBOQmFrSjBSRWQwVldGSGJIcEpSMDVzWTI1U2NGcHRiR3BaV0ZKc1NVZHNla2xJVW5aSlIwcHNTVWhXZWxwWFVXZGFXR2hxWWtoV2VtRllXbXhpU0d0bldtMDVlVWxIV2pGaWJVNHdZVmM1ZFdONVFuQmlibEpzWTIwMWFHSkRRakJpZVVKQ1kwaENjMXBUUWxGamJUbHJaRmRPTUdONVFtaGliVkYyWWpOSloxRllRbmRpUjFWblkwaEtkbGt5Vm5wak1sWjZUR3BCWkVKblRsWklVVFJGUm1kUlZUWldURTlFWWtSSGFVSndiRk55YVdKRldTOTRNMEkxU0VaSWQzZEVaMWxFVmxJd1VFRlJTQzlDUVZGRVFXZGxRVTFCT0VkRFUzRkhVMGxpTTFreVVVMUZkMUZEUWxGQmQwTm5XVWxMYjFwSmVtb3dSVUYzU1VSVFFVRjNVbEZKYUVGUEsyRjJSakpuVjIxYWMxcE1iazVPTlU5d1ZUZFJNM2hqWkhNMFdWQTJSbmh5WlVONk0xZHhNbWh0UVdsQ05FazVia1JwUVdSS1VHWllOMmxaSzFGaWJHcG5WalU1YWk4eGFtZ3hiemxqYlVkUVYwOXFOQzl1VkVkRFFXUk5kMmRuU0ZCQlowVkNUVWcwZDJOcVJXMU5RMUZIUVRGVlJVRjNkMlJSV0VKM1lrZFZaMVV6Ykhwa1IxWjBTVVZzZFdSSFZtNWpiVVl3WVZjNWRVbEZUa0pKUkZGNFNtcEJhMEpuVGxaQ1FYTk5TRlZHZDJOSGVHeEpSVTVzWTI1U2NGcHRiR3BaV0ZKd1lqSTBaMUZZVmpCaFJ6bDVZVmhTTlUxU1RYZEZVVmxFVmxGUlMwUkJjRUpqU0VKeldsTkNTbUp0VFhWTlVYTjNRMUZaUkZaUlVVZEZkMHBXVlhkSlNVWTBRMjlPUjFwck5uTnpkME4zV1VwWlNWcEpRVmRWUkVKQlNVSnZTVWh1VFVKblIwTlRjVWRUU1dJelJGRkZTa0Y2UlV4Q1oydHhhR3RwUnpsM01FSkNkMFYzU0VGWlNrdHZXa2xvZG1OT1FWRnJSazFST0ZoRVZFa3lUVVJSZUUxRVFUVk5la1Y1VGpGdmQwdEJXVXBMYjFwSmFIWmpUa0ZSYXpCTlVuTjNSMVJCVEVKbmJHZG9hMmRDV2xGTlJVRm5SMmhEWjFsSlMyOWFTWHBxTUVWQmQwbDNUSGRaU2t0dldrbG9kbU5PUVZGclJVMVRTVVZKVGxoclRubGxTa2gzV2pWRlZEVXdSRFJwUVRST2JGSmtOMjVSVEdKbE5EbHlOVFJLWnpCR1l6bE9aRTFHU1VkRFUzRkhVMGxpTTBSUlJVcEVla1pHVFVWTmQwTm5XVWxMYjFwSmFIWmpUa0YzWTNkRVoxbEpTMjlhU1doMlkwNUJkMGxEUVdkRFFVMUJNRWREUTNGSFUwbGlNMFJSVFVOQlowWkJUVUZqUjBKVGMwOUJkMGxJVFVFd1IwTkRjVWRUU1dJelJGRk5RMEZuUlc5TlFXOUhRME54UjFOTk5EbENRVTFEUWtWamQxSlJTV2RDTmtoV2RFMHdhVE56Tm14RVR6SlFaV3hRWW1SaldYQXlTM0paYVhsR1NEZDRRV0ZVTUd4RlUzZzRRMGxSUXpNeVUzZG9NMDkzT0dsdFNEZHBTM2s0VjJwbGFGZDJOVWRtTVdzMGNqaFJRemN5VTJsdE5HOUlSa0U5UFR3dlpHRjBZVDRLQ1FrSkNRa0pDUWtKQ1FrSkNRa0pDUWtKQ1FrS0NRa0pQR3RsZVQ1UVVGRkRhR1ZqYXp3dmEyVjVQZ29KUEdaaGJITmxMejRLQ2drOGEyVjVQa1Z1ZEdsMGJHVnRaVzUwY3p3dmEyVjVQZ29KUEdScFkzUStDZ2tKUEd0bGVUNWlaWFJoTFhKbGNHOXlkSE10WVdOMGFYWmxQQzlyWlhrK0Nna0pQSFJ5ZFdVdlBnb0pDUWtKQ2drSkNRazhhMlY1UG1Gd2N5MWxiblpwY205dWJXVnVkRHd2YTJWNVBnb0pDVHh6ZEhKcGJtYytjSEp2WkhWamRHbHZiand2YzNSeWFXNW5QZ29KQ1FrSkNna0pDUWs4YTJWNVBtTnZiUzVoY0hCc1pTNWtaWFpsYkc5d1pYSXVhVzR0WVhCd0xYQmhlVzFsYm5SelBDOXJaWGsrQ2drSlBHRnljbUY1UGdvSkNRa0pQSE4wY21sdVp6NXRaWEpqYUdGdWRDNWpiMjB1ZDJGaVluVnpMbTF2WW1sc1pUd3ZjM1J5YVc1blBnb0pDVHd2WVhKeVlYaytDZ2tKQ1FrS0NRa0pDVHhyWlhrK1kyOXRMbUZ3Y0d4bExtUmxkbVZzYjNCbGNpNWhjM052WTJsaGRHVmtMV1J2YldGcGJuTThMMnRsZVQ0S0NRazhjM1J5YVc1blBpbzhMM04wY21sdVp6NEtDUWtKQ1FvSkNRa0pQR3RsZVQ1aGNIQnNhV05oZEdsdmJpMXBaR1Z1ZEdsbWFXVnlQQzlyWlhrK0Nna0pQSE4wY21sdVp6NVZVa2RHV2psVU4xTlZMbU52YlM1M1lXSmlkWE11Ylc5aWFXeGxQQzl6ZEhKcGJtYytDZ2tKQ1FrS0NRa0pDVHhyWlhrK2EyVjVZMmhoYVc0dFlXTmpaWE56TFdkeWIzVndjend2YTJWNVBnb0pDVHhoY25KaGVUNEtDUWtKQ1R4emRISnBibWMrVlZKSFJsbzVWRGRUVlM0cVBDOXpkSEpwYm1jK0Nna0pDUWs4YzNSeWFXNW5QbU52YlM1aGNIQnNaUzUwYjJ0bGJqd3ZjM1J5YVc1blBnb0pDVHd2WVhKeVlYaytDZ2tKQ1FrS0NRa0pDVHhyWlhrK1oyVjBMWFJoYzJzdFlXeHNiM2M4TDJ0bGVUNEtDUWs4Wm1Gc2MyVXZQZ29KQ1FrSkNna0pDUWs4YTJWNVBtTnZiUzVoY0hCc1pTNWtaWFpsYkc5d1pYSXVkR1ZoYlMxcFpHVnVkR2xtYVdWeVBDOXJaWGsrQ2drSlBITjBjbWx1Wno1VlVrZEdXamxVTjFOVlBDOXpkSEpwYm1jK0Nna0pDUWtLQ1FrSkNUeHJaWGsrWTI5dExtRndjR3hsTG1SbGRtVnNiM0JsY2k1aGNIQnNaWE5wWjI1cGJqd3ZhMlY1UGdvSkNUeGhjbkpoZVQ0S0NRa0pDVHh6ZEhKcGJtYytSR1ZtWVhWc2REd3ZjM1J5YVc1blBnb0pDVHd2WVhKeVlYaytDZ2tKQ2drOEwyUnBZM1ErQ2drOGEyVjVQa1Y0Y0dseVlYUnBiMjVFWVhSbFBDOXJaWGsrQ2drOFpHRjBaVDR5TURJM0xUQTBMVEV3VkRBNU9qSXhPakV3V2p3dlpHRjBaVDRLQ1R4clpYaytUbUZ0WlR3dmEyVjVQZ29KUEhOMGNtbHVaejRxVzJWNGNHOWRJR052YlM1M1lXSmlkWE11Ylc5aWFXeGxJRUZ3Y0ZOMGIzSmxJREl3TWpZdE1EUXRNVEJVTURrNk16RTZNamN1TURZM1dqd3ZjM1J5YVc1blBnb0pQR3RsZVQ1VVpXRnRTV1JsYm5ScFptbGxjand2YTJWNVBnb0pQR0Z5Y21GNVBnb0pDVHh6ZEhKcGJtYytWVkpIUmxvNVZEZFRWVHd2YzNSeWFXNW5QZ29KUEM5aGNuSmhlVDRLQ1R4clpYaytWR1ZoYlU1aGJXVThMMnRsZVQ0S0NUeHpkSEpwYm1jK1YyRmlZblZ6SUV4TVF6d3ZjM1J5YVc1blBnb0pQR3RsZVQ1VWFXMWxWRzlNYVhabFBDOXJaWGsrQ2drOGFXNTBaV2RsY2o0ek5qUThMMmx1ZEdWblpYSStDZ2s4YTJWNVBsVlZTVVE4TDJ0bGVUNEtDVHh6ZEhKcGJtYytNVEV3WW1SbE5tRXRaVGxoT1MwMFlUWmhMVGcwTlRNdFptSTNNRFUwTkdJelpEZzNQQzl6ZEhKcGJtYytDZ2s4YTJWNVBsWmxjbk5wYjI0OEwydGxlVDRLQ1R4cGJuUmxaMlZ5UGpFOEwybHVkR1ZuWlhJK0Nqd3ZaR2xqZEQ0S1BDOXdiR2x6ZEQ2Z2dnMC9NSUlFTkRDQ0F4eWdBd0lCQWdJSVBWbjROK3JSMko4d0RRWUpLb1pJaHZjTkFRRUxCUUF3Y3pFdE1Dc0dBMVVFQXd3a1FYQndiR1VnYVZCb2IyNWxJRU5sY25ScFptbGpZWFJwYjI0Z1FYVjBhRzl5YVhSNU1TQXdIZ1lEVlFRTERCZERaWEowYVdacFkyRjBhVzl1SUVGMWRHaHZjbWwwZVRFVE1CRUdBMVVFQ2d3S1FYQndiR1VnU1c1akxqRUxNQWtHQTFVRUJoTUNWVk13SGhjTk1qUXhNakUyTVRreU1UQXhXaGNOTWpreE1qRXhNVGd4TXpVNVdqQlpNVFV3TXdZRFZRUUREQ3hCY0hCc1pTQnBVR2h2Ym1VZ1QxTWdVSEp2ZG1semFXOXVhVzVuSUZCeWIyWnBiR1VnVTJsbmJtbHVaekVUTUJFR0ExVUVDZ3dLUVhCd2JHVWdTVzVqTGpFTE1Ba0dBMVVFQmhNQ1ZWTXdnZ0VpTUEwR0NTcUdTSWIzRFFFQkFRVUFBNElCRHdBd2dnRUtBb0lCQVFEUWt6R3IrRk1lMzYwZUwyVDN5VTNYbHI1ZlN6MTVaRnhEN2luRFFOTDZMeHlndHJ3UmMrL3dJckRmM3ZuNXpsWGo5VUlCdFNObFFSSTc5M3hHZllrVFJaVkU3SmFWWW1hWGtBTUEyZUN1eGRteG5DQXRsdUNGN1c5cjAxTFRnenpVQVNNbDZlWEcxQkhZZWFvSXd0MFZXUFh2aXBOTERVdnVEYmFIazNVUkVGWExESGdIMnpkd1JqdVgrc1RyZUNuZzlPeDQ0MkhhUUZlQUI3dUluS1hIU1czSUp0T1ZIMDBob28xb2M0TWU1bGxhaFpaVlZMQ1ZMaVhjZHcxaGg0R05pYVFEZXp3QWR5eUphbG5UWkVUWmRLVmJpckZTWVY5dUJERFU4K0lRTkF5VmpFdmhlOVlyaFlQeUp6bU5jQWdqNGhTSS81UDBMVzFNSnVLTE40WXRBZ01CQUFHamdlVXdnZUl3REFZRFZSMFRBUUgvQkFJd0FEQWZCZ05WSFNNRUdEQVdnQlJ2OFpVWVlsemd5UEhGN1d3WXllRFRaRktZSURCQUJnZ3JCZ0VGQlFjQkFRUTBNREl3TUFZSUt3WUJCUVVITUFHR0pHaDBkSEE2THk5dlkzTndMbUZ3Y0d4bExtTnZiUzl2WTNOd01ETXRZV2x3WTJFd056QXZCZ05WSFI4RUtEQW1NQ1NnSXFBZ2hoNW9kSFJ3T2k4dlkzSnNMbUZ3Y0d4bExtTnZiUzloYVhCallTNWpjbXd3SFFZRFZSME9CQllFRkx5MXhlbTkvTXZRbnR5VXNCNzRJWlJjL3drdU1BNEdBMVVkRHdFQi93UUVBd0lIZ0RBUEJna3Foa2lHOTJOa0Jqb0VBZ1VBTUEwR0NTcUdTSWIzRFFFQkN3VUFBNElCQVFBeU5NTHBkNnBmNE1iS292TjNXZWVLWjdqeFVmUDdzUGFYdjdFUm8rR2hQTHNqa3VrU2s2SnhIYnp4bW5GdnBEeHZOcEsyNEVlQ29wUGo1N2lQdTk4bFJHSUN6ODI4OS91TmlnbHdlR1hDR1UwbHkzSmlJZVNwYVBrUW1pNTZEeWkrcGdNRzBWVmhINjk4K0pUVWNRN2kweVZVaTg2dDFXZ0hXNzB0ZThkaVJYbTVxWWRNK0JnN2dLNFFTM0hZZUN2bUNxK2E1OWxOek9wYnQ2T1hWV3ZzRGFCNHg4Q3d6OHZjRUV3d2toTnhsTmF2NE96SjZjbWJ6aVV5N2hFTklSY2tpL0dWTGlKaVJrVi80TnZYRmxUQnVUN1Qyb3E1WmZhMHRDTi9lRjNaY25aa1k2Y0lWY2ZadDVUYkk3L3prNmZVQkVSRERjcmlWcklybENpa1BYS0hNSUlFUkRDQ0F5eWdBd0lCQWdJSVhHUEs1RW8zVThrd0RRWUpLb1pJaHZjTkFRRUxCUUF3WWpFTE1Ba0dBMVVFQmhNQ1ZWTXhFekFSQmdOVkJBb1RDa0Z3Y0d4bElFbHVZeTR4SmpBa0JnTlZCQXNUSFVGd2NHeGxJRU5sY25ScFptbGpZWFJwYjI0Z1FYVjBhRzl5YVhSNU1SWXdGQVlEVlFRREV3MUJjSEJzWlNCU2IyOTBJRU5CTUI0WERURTNNRFV4TURJeE1qY3pNRm9YRFRNd01USXpNVEF3TURBd01Gb3djekV0TUNzR0ExVUVBd3drUVhCd2JHVWdhVkJvYjI1bElFTmxjblJwWm1sallYUnBiMjRnUVhWMGFHOXlhWFI1TVNBd0hnWURWUVFMREJkRFpYSjBhV1pwWTJGMGFXOXVJRUYxZEdodmNtbDBlVEVUTUJFR0ExVUVDZ3dLUVhCd2JHVWdTVzVqTGpFTE1Ba0dBMVVFQmhNQ1ZWTXdnZ0VpTUEwR0NTcUdTSWIzRFFFQkFRVUFBNElCRHdBd2dnRUtBb0lCQVFESlJXb0JEejZEQkliSC9ML2NYdkFlZ2U0WE1ITmpKaTdlUFhva3paTStUemxIdW5XKzg4RFM4Vm1pcXgvK0NvWTgyUzJhQi9JT2E3a3BrUnBmSWdxTDhYSllCYTVNUzBURmVhZUFQTENJNEl3TUo0UmRHZVdIR1RiTDQ4VjJ0N0QwUVhKUjlBVmNnMHVpYmFaUnVQRW0zM3RlcldVTXhyS1lVWXk3ZlJ0TXdVN0lDTWZTN1dRTHROMGJqVTlBZlJ1UFNKYVNXL1BRbUg3WnZLUVpEcGxodTBGZEFjeGJkM3A5Sk5EYzAxUC93OXpGbEN5MldrMk9HQ001dmRuR1VqN1I4dlFsaXFFcWgvM1lERVlwVWYvdEYyeUpKV3VIdjRwcEZKOTNuOE1WdDJpemlFVzloT1lHQWtGa0Q2MHFLTGdWeWVDc3A0cTZjZ1Ewc25pTStMS0ZBZ01CQUFHamdld3dnZWt3RHdZRFZSMFRBUUgvQkFVd0F3RUIvekFmQmdOVkhTTUVHREFXZ0JRcjBHbEhsSFlKL3ZScmpTNUFwdmRIVFg4SVhqQkVCZ2dyQmdFRkJRY0JBUVE0TURZd05BWUlLd1lCQlFVSE1BR0dLR2gwZEhBNkx5OXZZM053TG1Gd2NHeGxMbU52YlM5dlkzTndNRE10WVhCd2JHVnliMjkwWTJFd0xnWURWUjBmQkNjd0pUQWpvQ0dnSDRZZGFIUjBjRG92TDJOeWJDNWhjSEJzWlM1amIyMHZjbTl2ZEM1amNtd3dIUVlEVlIwT0JCWUVGRy94bFJoaVhPREk4Y1h0YkJqSjROTmtVcGdnTUE0R0ExVWREd0VCL3dRRUF3SUJCakFRQmdvcWhraUc5Mk5rQmdJU0JBSUZBREFOQmdrcWhraUc5dzBCQVFzRkFBT0NBUUVBT3Mrc21JMitraUFoQ2EyVjg3RmNJZm8yTFZjZ1JIUnpaSklJczVhczkyMlgrbHMwT0NmUEVrYlRQQkh3QjhtWmtMSFI2QkVKcGVPbGEyeGpDRCtlSmZyVm1aeE01dVhPanJKTmFPeUxxNk9pVDRvUkZUN2NGQ3NjeGtTMmIyZkZXMCtWS1MySFhEL2NneDUzVCszYVZLY3Q1eE9Cd1dQRVZBc2JTd3BxS0NJSTFEZVNmSDluS0YrdlBUKzNyRmtkT0RSa1d1NHpTaGxDUkNuRXloaHI0Y0ZUTFMzMFRjSVY5ak15R0hqeEptK0tUZXVVVEtQby93K3pBNHRsMnVzdTJHVlFuOXlmaXQ4eHFJUlUzRkpTUWRLeUV4MHhSa2VJWHo3dXcvS01Jd1NWNjZ5S1BvSnNCcDh1NDR0RG1tSmJOQTMwbWM4czdycHloaGtqcGZ5T3RUQ0NCTHN3Z2dPam9BTUNBUUlDQVFJd0RRWUpLb1pJaHZjTkFRRUZCUUF3WWpFTE1Ba0dBMVVFQmhNQ1ZWTXhFekFSQmdOVkJBb1RDa0Z3Y0d4bElFbHVZeTR4SmpBa0JnTlZCQXNUSFVGd2NHeGxJRU5sY25ScFptbGpZWFJwYjI0Z1FYVjBhRzl5YVhSNU1SWXdGQVlEVlFRREV3MUJjSEJzWlNCU2IyOTBJRU5CTUI0WERUQTJNRFF5TlRJeE5EQXpObG9YRFRNMU1ESXdPVEl4TkRBek5sb3dZakVMTUFrR0ExVUVCaE1DVlZNeEV6QVJCZ05WQkFvVENrRndjR3hsSUVsdVl5NHhKakFrQmdOVkJBc1RIVUZ3Y0d4bElFTmxjblJwWm1sallYUnBiMjRnUVhWMGFHOXlhWFI1TVJZd0ZBWURWUVFERXcxQmNIQnNaU0JTYjI5MElFTkJNSUlCSWpBTkJna3Foa2lHOXcwQkFRRUZBQU9DQVE4QU1JSUJDZ0tDQVFFQTVKR3BDUitSMng1SFVPc0Y3VjU1aEMzck5xSlhURlhzaXhtSjN2bExiUFVIcXlJd0F1Z1lQdmhRQ2ROL1FhaVkrZEhLWnB3a2F4SFFvN3ZrR3lyREg1V2VlZ3lrUjR0YjFCWTNNOHZFRDAzT0ZHblJ5Umx5OVYwTzFYOWZtL0lsQTdwVmowMWREZkZrTlNNVlN4VlpIYk9VOS9hY25zOVF1c0ZZVUdlUENMUWc5OHVzTENCdmNMWS9BVENNdDBQUEQ1MDk4eXRKS0JySS9zNjF1UTdaWGh6V3l6MjFPcTMwRHc0QWtndXhJUll1ZE5VOERkdGlGcXVqY1pKSFUxWEJyeTlCcy9qNzQzRE41cU5NUlg0ZlRHdFFsa0dKeEhSaUN4Q0RRWWN6aW9HeE1GanNXZ1F5akdpemp4M2VaWFAvWjE1bHZFbllkcDh6RkdXaGQ1VEpMUUlEQVFBQm80SUJlakNDQVhZd0RnWURWUjBQQVFIL0JBUURBZ0VHTUE4R0ExVWRFd0VCL3dRRk1BTUJBZjh3SFFZRFZSME9CQllFRkN2UWFVZVVkZ24rOUd1TkxrQ205MGROZndoZU1COEdBMVVkSXdRWU1CYUFGQ3ZRYVVlVWRnbis5R3VOTGtDbTkwZE5md2hlTUlJQkVRWURWUjBnQklJQkNEQ0NBUVF3Z2dFQUJna3Foa2lHOTJOa0JRRXdnZkl3S2dZSUt3WUJCUVVIQWdFV0htaDBkSEJ6T2k4dmQzZDNMbUZ3Y0d4bExtTnZiUzloY0hCc1pXTmhMekNCd3dZSUt3WUJCUVVIQWdJd2diWWFnYk5TWld4cFlXNWpaU0J2YmlCMGFHbHpJR05sY25ScFptbGpZWFJsSUdKNUlHRnVlU0J3WVhKMGVTQmhjM04xYldWeklHRmpZMlZ3ZEdGdVkyVWdiMllnZEdobElIUm9aVzRnWVhCd2JHbGpZV0pzWlNCemRHRnVaR0Z5WkNCMFpYSnRjeUJoYm1RZ1kyOXVaR2wwYVc5dWN5QnZaaUIxYzJVc0lHTmxjblJwWm1sallYUmxJSEJ2YkdsamVTQmhibVFnWTJWeWRHbG1hV05oZEdsdmJpQndjbUZqZEdsalpTQnpkR0YwWlcxbGJuUnpMakFOQmdrcWhraUc5dzBCQVFVRkFBT0NBUUVBWERhWlRDMTR0KzJNbTl6emQ1dnlkdEozTUUvQkg0V0RoUnVaUFVjMzhxbWJRSTRzMUxHUUV0aSs5SE9iN3RKa0Q4dDVUelRZb2o3NWVQOXJ5QWZzZlRtRGkxTWcwempFc2IrYVR3cHIveXY4V2FjRkNYd1hRRllSSG5UVHQ0c2pPMGVqMVc4azR1dlJ0M0RmRDBYaEo4cnhiWGp0NTdVWEY2amNmaUkxeWlYVjJRL1dhOVNpSkNNUjk2R3NqM09CWU1ZYld3a3Zrckw0UkVqd1lEaWVGZlU5Sm1jZ2lqTnE5dzJDejk3cm95LzVVMnBiWk1Cak0zZjNPZ2NzVnV2YUR5RU8ycnB6R1UrMTJUWi93WWRWMmFlWnVUSkMrOWpWY1o1K29WSzNHNzJUUWlRU0tzY1BIYlpObkY1anlFdUFGMUNxaXRYYTVQelFDUWMzc0hWMUlUR0NBb1V3Z2dLQkFnRUJNSDh3Y3pFdE1Dc0dBMVVFQXd3a1FYQndiR1VnYVZCb2IyNWxJRU5sY25ScFptbGpZWFJwYjI0Z1FYVjBhRzl5YVhSNU1TQXdIZ1lEVlFRTERCZERaWEowYVdacFkyRjBhVzl1SUVGMWRHaHZjbWwwZVRFVE1CRUdBMVVFQ2d3S1FYQndiR1VnU1c1akxqRUxNQWtHQTFVRUJoTUNWVk1DQ0QxWitEZnEwZGlmTUFrR0JTc09Bd0lhQlFDZ2dkd3dHQVlKS29aSWh2Y05BUWtETVFzR0NTcUdTSWIzRFFFSEFUQWNCZ2txaGtpRzl3MEJDUVV4RHhjTk1qWXdOREV3TURrek1USTNXakFqQmdrcWhraUc5dzBCQ1FReEZnUVVuc1hGSzhQNEp1Z3dWdUU4THJzVVB4SUlJa293S1FZSktvWklodmNOQVFrME1Sd3dHakFKQmdVckRnTUNHZ1VBb1EwR0NTcUdTSWIzRFFFQkFRVUFNRklHQ1NxR1NJYjNEUUVKRHpGRk1FTXdDZ1lJS29aSWh2Y05Bd2N3RGdZSUtvWklodmNOQXdJQ0FnQ0FNQTBHQ0NxR1NJYjNEUU1DQWdGQU1BY0dCU3NPQXdJSE1BMEdDQ3FHU0liM0RRTUNBZ0VvTUEwR0NTcUdTSWIzRFFFQkFRVUFCSUlCQUFsTHEvb3VvNkIrYWpmYnkwbnpmeVZHOFFiT2ZJRXVFdUQ3cjZjN2lRYVlGRktWQ3FhMkFzanNOU296UGRRNDJ3RmJKekdtcDNBOTl2SkcwUU8rQi9TU0hyelJtOU8vdzBOUjhITmJSZk5QNEZCYlFZckNrVmN0V2RoUTB1cFRBQzlDV0s3UTVqMnVyNmF3UmUvQkZBTm80WUwvcmU2NDlvaTFNcWQzTjU5VHlDUERqTVJzcDIvTGpEYkNrWlBNZWdUMm11aFJOcmpNQjVhNW1PMFp6MXgzL2g0eVpnMTdGMXowQmg2WjU0SS83L29mSjJBaGdnUGorR01iSmprUGJZbmk5T2p1VWREeGN6MnZ0WXEvZ2Foc1RBaXNaR2w1dmJ2ME8ycit1V0FVbEpiSU8reEU3ajdCL0hKSlA3eitmdTdtZmtQd0QwT2xQN2toZy9tVTVWaz0iLCJkaXN0cmlidXRpb25DZXJ0aWZpY2F0ZSI6eyJkYXRhQmFzZTY0IjoiTUlJTDVnSUJBekNDQzZ3R0NTcUdTSWIzRFFFSEFhQ0NDNTBFZ2d1Wk1JSUxsVENDQmpVR0NTcUdTSWIzRFFFSEFhQ0NCaVlFZ2dZaU1JSUdIakNDQmhvR0N5cUdTSWIzRFFFTUNnRURvSUlGeXpDQ0JjY0dDaXFHU0liM0RRRUpGZ0dnZ2dXM0JJSUZzekNDQmE4d2dnU1hvQU1DQVFJQ0VIZDAySjhNMkZSSXFTdStwTERvZ0d3d0RRWUpLb1pJaHZjTkFRRUxCUUF3ZFRGRU1FSUdBMVVFQXd3N1FYQndiR1VnVjI5eWJHUjNhV1JsSUVSbGRtVnNiM0JsY2lCU1pXeGhkR2x2Ym5NZ1EyVnlkR2xtYVdOaGRHbHZiaUJCZFhSb2IzSnBkSGt4Q3pBSkJnTlZCQXNNQWtjek1STXdFUVlEVlFRS0RBcEJjSEJzWlNCSmJtTXVNUXN3Q1FZRFZRUUdFd0pWVXpBZUZ3MHlOakEwTVRBd09USXhNVEZhRncweU56QTBNVEF3T1RJeE1UQmFNSUdLTVJvd0dBWUtDWkltaVpQeUxHUUJBUXdLVlZKSFJsbzVWRGRUVlRFMU1ETUdBMVVFQXd3c2FWQm9iMjVsSUVScGMzUnlhV0oxZEdsdmJqb2dWMkZpWW5WeklFeE1ReUFvVlZKSFJsbzVWRGRUVlNreEV6QVJCZ05WQkFzTUNsVlNSMFphT1ZRM1UxVXhFekFSQmdOVkJBb01DbGRoWW1KMWN5Qk1URU14Q3pBSkJnTlZCQVlUQWxWVE1JSUJJakFOQmdrcWhraUc5dzBCQVFFRkFBT0NBUThBTUlJQkNnS0NBUUVBbnNyVG50NTJ0MXpYT1F4dWtuVExyMkpEbFJ2bUswWGR3TStRS1d5SHlxWTNhaUFsZzltN1dXVk5wT1NYaXVQcjRYT1ZDaTRpU09FdFJ0dmwwdWhYeFZxOUZlVHVuRGxVVmlyWEZNLzg2aEUxSFUrTFQ3NnZsTFZnelJsc2NHa3h2T3Ard2VCMUcwQzNLQlc5aFZ0Z3VuSWgwSVN6dExHa05rMUMwTTkxZ0txYUpjVmVYdkNLZ2h0Z2VVSWo3WVZ3L3FWbmtWZmRDbHVJMTY4L1EwVzV1Q2YrdXJPMWtiaDU4RlgvTXJpS3N5S0JLMjlHVW45eW1oeG9EQjRINkJ2YWc1TlNoMVk1T1YvSWp2SGJVMUt3amVTYzZDWmdxTVZxUG9KQ3N2cFI2bEdUcFJNUTg1N2pnanhXejA3MzJGcUlxN3FvV2p5RmcwVm50RXRZK2s4bHlRSURBUUFCbzRJQ0l6Q0NBaDh3REFZRFZSMFRBUUgvQkFJd0FEQWZCZ05WSFNNRUdEQVdnQlFKL3NBVmtQbXZaQXFTRXJrbUtHTU1sK3luc2pCd0JnZ3JCZ0VGQlFjQkFRUmtNR0l3TFFZSUt3WUJCUVVITUFLR0lXaDBkSEE2THk5alpYSjBjeTVoY0hCc1pTNWpiMjB2ZDNka2NtY3pMbVJsY2pBeEJnZ3JCZ0VGQlFjd0FZWWxhSFIwY0RvdkwyOWpjM0F1WVhCd2JHVXVZMjl0TDI5amMzQXdNeTEzZDJSeVp6TXdNakNDQVI0R0ExVWRJQVNDQVJVd2dnRVJNSUlCRFFZSktvWklodmRqWkFVQk1JSC9NSUhEQmdnckJnRUZCUWNDQWpDQnRneUJzMUpsYkdsaGJtTmxJRzl1SUhSb2FYTWdZMlZ5ZEdsbWFXTmhkR1VnWW5rZ1lXNTVJSEJoY25SNUlHRnpjM1Z0WlhNZ1lXTmpaWEIwWVc1alpTQnZaaUIwYUdVZ2RHaGxiaUJoY0hCc2FXTmhZbXhsSUhOMFlXNWtZWEprSUhSbGNtMXpJR0Z1WkNCamIyNWthWFJwYjI1eklHOW1JSFZ6WlN3Z1kyVnlkR2xtYVdOaGRHVWdjRzlzYVdONUlHRnVaQ0JqWlhKMGFXWnBZMkYwYVc5dUlIQnlZV04wYVdObElITjBZWFJsYldWdWRITXVNRGNHQ0NzR0FRVUZCd0lCRml0b2RIUndjem92TDNkM2R5NWhjSEJzWlM1amIyMHZZMlZ5ZEdsbWFXTmhkR1ZoZFhSb2IzSnBkSGt2TUJZR0ExVWRKUUVCL3dRTU1Bb0dDQ3NHQVFVRkJ3TURNQjBHQTFVZERnUVdCQlRMN0xDVjNPT1l2K1I3RUZoLzZ4c0w3TFFOaURBT0JnTlZIUThCQWY4RUJBTUNCNEF3RXdZS0tvWklodmRqWkFZQkJBRUIvd1FDQlFBd0RRWUpLb1pJaHZjTkFRRUxCUUFEZ2dFQkFMOUhQcnJGYSswSkxwUUtLYk5SWE51Qm5hOUtxeFY5Q3QvVnR1WXh2RzRqU01KRUZaK0VsVVBGVFZyOXFXS2t2Y0VDcktxZjdkUlpnMlc2STZrT0tib0owQndqTGFjNmRjMDZxUzVWa1I5U2g5TktyOUVYaER0NXFySmV4WGhVQnN0T1IxSnAxY2UyS1hUd3pJenc2eU1ZTE1BYmpvZHFvamd0SjNrcjJwQUxjdTJNZG82THJlREExZnZLSjhjbHZwaW14NG1HSFJIZXo4NkdGTkFhRkYzVXBoQVVWYTlEVHdlVERYZVVkaXZLZFdSMjNHUVJ1WWp4dDlMQk1EZkRNbDVSdGErK1QzdFlpeWFlVjg0VkVCMSsxSjYzQ3cyM3VHcUVOcTRGNnJKS2Z3S1M5dUVKclE5bEVJVXJCajRidmxoYmY2ZVFtYU5PR3BCczUwQjNSbDR4UERBakJna3Foa2lHOXcwQkNSVXhGZ1FVWGxFY3dlc2E2NGJic3AvVFh3VGFnZW50UFNNd0ZRWUpLb1pJaHZjTkFRa1VNUWdlQmdCckFHVUFlVENDQlZnR0NTcUdTSWIzRFFFSEFhQ0NCVWtFZ2dWRk1JSUZRVENDQlQwR0N5cUdTSWIzRFFFTUNnRUNvSUlFN2pDQ0JPb3dIQVlLS29aSWh2Y05BUXdCQXpBT0JBaGRlOWVDV05Ec2hnSUNDQUFFZ2dUSTNtdDBXTzJGSzZjVXdvdVNEcTF5WEVqRUFqTEFCUkJVbE1ydzFEWVhLUk1MNDR0TE1pbXdYMUI4dDZFSjJvbUlnUVYrSFIvY0VJSFhEVnRDSDl2aThJSU5YbnRDQ3JCYm5aYU9JK1I4UTdnTU5HNVpZNnhYL2RhWURoWERpRGN0NGR4SUFwRWtPd2V0Z2hQc0JueEY0MyttaHIxaGJFNVJoTGVTbjZOVG92cFZXZWFBbDl2TzNHTXBFTVFOMzhWQXY2OFU5anFIZTlGRGlJa2grQjVIbndpNmI3Nnhkd0FHM25BRG42NG1jRmY0d0xOMFUxWHhzMlU2cHNPZDJOd1UzdnJpYjByZDNScXp0eENJaC9PRUJWVHJhVWl0K1lGTmhlYkVRZnBRcFlKclA2bElPdXg1RVNvb0h1OUtYZm5IMWhqcnRsNm1hM2JGZjhjbW00RC9DQ0hRNG1qc1VNMU1DRzd4N1cvMVd3MEZudThMbEtaMkJFQWw2b3BGTTRUbHJGTmloUWo4ZmR2YU1WTWZ4eVhFaUYzd2swM3g1L3c1SGI0YXN3NE5EK3lQSDA1dUhzaVlXUmc4K3JWWWc1ejdaZEpTUGNOMWFFWHdOaGtxa3FqdTlDU1dIUmpXbk9xTmRjVmxxK1QxWWxnUFV4SllnM3JqSEo4czUyNnFaTk1pYXI2cXlPcTl0YjlkL0wxZHZUOXFQa2hjaE95enZrNG1qWk4wSVdvK2Vzd0draEtKc3pyZnZPMWpIRmI3NUpQRGRpRDc4dUJoSDROdVFZNWVTTUt6TG91a0pZU0lxdkVQajVIU0oyTnROODF0eUtnTU5BZ0xiUVdna3hlRnhReWVkYWtTeGp6bzM4R2xFQWM0MnVudkYzRW5zVzFZWmlFZU5SZFBJOEhjUlJ0Y0RXanpMVkpuRVArY05QL243MHRNblByK2tueGMzdTk4ckhQb0UrMlFUOWh3cWpLYzNpM09JRmRUU1ZzME1iVmhqSTdISzMyR3RrRlB2QmFwMXd0VVFVQUNjTmlzNEJTOFhNZkU0bzFUWmhjMjI4NXZXU1dlRDNHUnlQbWwvdktTTzhCM0FaSlVaYXpMZXJTZFNvL1BQb1JXdTJFck1vSUlOcWNwSDZVZVk2b2lGRlZnUzIzMlRPN2Z6enpaSFJ3ZzdMN3dsVmkwczIxVXdhU0txRXJaeTVhRHdxU01Oc1NkSk55TlJqS0tFMGJXSWVJOUlGUDVzS2VWUEZEb2xLbk0rRW90d0dpc0IyT0FRaWlTOVQ3WFIwc0J2WVFpRDVDaFdCWUx3djd4eHVCR1gxZTNNNlVLMmdmZ2ZEMnhKTE9pSE4xK2xnZkZmbDRQSkgwdVpLOGhNamU4ZWdKWWpWR2tEM0dRZzZ6QkFYZnpFUWJGUWluMUhvaEVBd09iNy9JR0VVZGhCWitGeVQ2WTlwS08rWVZNUGNHeVhrZHJwdnIzR1huVG1jRzRlSWlYSWlwdXVqMFRiVUp2UEY1aEZIUUVRaTdYbUZTNWIvRFVkVkhjdVZORm5HcTFiV3hUeU9DeDJBUlFaNHQrdGdyKzRLaStCZ0d2RTlmV0NRc09kL205dTcrdGZCekFZbDZjRHkxb2pUQnhtekoxc3pRR3BPU0srOGMzcFk4T2ZsamF3WjFUVFdUcUk5RElRRFFBSEdOdmNpQ01FWWVhN2tCT2hDbmxoSE11TjB4VTg0RmxyTEFYM0t4eWk0cWptdy9jNm9zRk5CdS9zbGN3VUt5YTdhV3h6K0RoWjU5UXowbitWYnNGbnVhd05uWmZYZHJnRzUybnp2c2JqN0VSRXl0eUlPT2g3cGROdVNKb21mZThpMitveGR6bWgycFBUTHBMTmF3YXVhbWYyUVNFaHVISkFSUUVDckl5SEN4S3RNUm05WmJHY3E3MXp0YVNYQTlFSGN6NlZWK0xQNGFldVo3ck9vQ095L1htSjQ2am4vRE9nUTROMGUrNTY4alVUQ0l5M1ZMM0JPNzF1a1VjOW1JVThoYXlMN3VvRnVvbjV3NUt3NnV1WW44SElQMkdOUDhERFM3clJ5N0sxS3JndmRFeEJsY2Ywcm9xLytHVm9ZV21EcDc4YjF2L01uTnVyNE03NzczYitVNGNuRGZuOGRKVmpRZ2w0R3oyblBTcXJaTFdERXNxeFNMT01Ud3dJd1lKS29aSWh2Y05BUWtWTVJZRUZGNVJITUhyR3V1RzI3S2YwMThFMm9IcDdUMGpNQlVHQ1NxR1NJYjNEUUVKRkRFSUhnWUFhd0JsQUhrd01UQWhNQWtHQlNzT0F3SWFCUUFFRkNxYkwxNEFzZXhJM054am05dktDQTVQbDVPdUJBaVZFOVMvVTJrckJBSUNDQUE9IiwicGFzc3dvcmQiOiJGL1dsOHVYdVhkUXpBaHVWSVJmWTdBPT0ifX19fSwidXBkYXRlcyI6eyJjaGFubmVsIjoicHJvZHVjdGlvbiJ9LCJzY2hlbWUiOiJXYWJidXMiLCJ1c2VybmFtZSI6Impvbm9sZXNlbjMwIiwidmVyc2lvbiI6eyJidWlsZE51bWJlciI6IjEzIn0sImV4cGVyaW1lbnRhbCI6e30sIm1vZGUiOiJidWlsZCIsInRyaWdnZXJlZEJ5IjoiRUFTX0NMSSIsImFwcElkIjoiM2E1MDgxMWMtNWU1YS00Y2QxLWFiZWYtYWIzNTUxM2Q5ZmYzIiwiaW5pdGlhdGluZ1VzZXJJZCI6IjBmYzcyNDY5LTFjZGUtNGE1Ny04YmZjLWI5NWIyM2JjMGViMCJ9LCJtZXRhZGF0YSI6eyJ0cmFja2luZ0NvbnRleHQiOnsidHJhY2tpbmdfaWQiOiJhZjIyMTM3Yi0yNmRjLTQwZjItOTUyYi1kNGVkYjJjOTFhZDYiLCJwbGF0Zm9ybSI6ImlvcyIsInNka192ZXJzaW9uIjoiNTUuMC4wIiwiYWNjb3VudF9pZCI6IjI1Y2FmNzAzLTJhNDktNDFjNy05YThjLWM1ZDBmZDA1N2YzNiIsInByb2plY3RfaWQiOiIzYTUwODExYy01ZTVhLTRjZDEtYWJlZi1hYjM1NTEzZDlmZjMiLCJwcm9qZWN0X3R5cGUiOiJtYW5hZ2VkIiwiZGV2X2NsaWVudCI6ZmFsc2UsImRldl9jbGllbnRfdmVyc2lvbiI6IjU1LjAuMjQiLCJub193YWl0IjpmYWxzZSwicnVuX2Zyb21fY2kiOmZhbHNlLCJsb2NhbCI6dHJ1ZX0sImFwcEJ1aWxkVmVyc2lvbiI6IjEzIiwiYXBwVmVyc2lvbiI6IjEuMC4wIiwiY2xpVmVyc2lvbiI6IjE4LjUuMCIsIndvcmtmbG93IjoibWFuYWdlZCIsImNyZWRlbnRpYWxzU291cmNlIjoicmVtb3RlIiwic2RrVmVyc2lvbiI6IjU1LjAuMCIsInJ1bnRpbWVWZXJzaW9uIjoiMS4wLjAiLCJmaW5nZXJwcmludEhhc2giOiIwMTVmZjRmYTVjNDU2MjZlY2Y1NWZkODE2ZmZlZjhiMzVhNjM4NDEzIiwicmVhY3ROYXRpdmVWZXJzaW9uIjoiMC44My40IiwiY2hhbm5lbCI6InByb2R1Y3Rpb24iLCJkaXN0cmlidXRpb24iOiJzdG9yZSIsImFwcE5hbWUiOiJXYWJidXMiLCJhcHBJZGVudGlmaWVyIjoiY29tLndhYmJ1cy5tb2JpbGUiLCJidWlsZFByb2ZpbGUiOiJwcm9kdWN0aW9uIiwiZ2l0Q29tbWl0SGFzaCI6IjRiMGJkNWI3NGIxNDgxNzBlZGY1YWRhODlmNjI0YmE5MWNmZGUzZjEiLCJnaXRDb21taXRNZXNzYWdlIjoi4oCcNDM5NDI0M2UzMzAzNOKAnSIsImlzR2l0V29ya2luZ1RyZWVEaXJ0eSI6dHJ1ZSwidXNlcm5hbWUiOiJqb25vbGVzZW4zMCIsInJ1bldpdGhOb1dhaXRGbGFnIjpmYWxzZSwicnVuRnJvbUNJIjpmYWxzZSwiZGV2ZWxvcG1lbnRDbGllbnQiOmZhbHNlLCJyZXF1aXJlZFBhY2thZ2VNYW5hZ2VyIjoibnBtIiwic2ltdWxhdG9yIjpmYWxzZX19 exited with non-zero code: 1
    Error: build command failed.
